// Jest Snapshot v1, https://goo.gl/fbAQLP

exports[`It renders 1`] = `
<tr>
  <th
    scope="row"
  >
     
    Meditation
     
  </th>
  <td
    className=""
  >
     12 hours
  </td>
  <td
    className=""
  >
     5 hours
  </td>
  <td
    className=""
  />
  <td
    className=""
  />
  <td
    className="table-info"
  />
  <td
    className=""
  />
</tr>
`;
