// Jest Snapshot v1, https://goo.gl/fbAQLP

exports[`It renders 1`] = `
<div>
  <nav
    className="navbar navbar-toggleable navbar-inverse bg-danger"
  >
    <button
      className="navbar-toggler navbar-toggler-right"
      type="button"
    >
      <span
        className="navbar-toggler-icon"
      />
    </button>
    <a
      className="navbar-brand"
      href="/"
    >
      Red Dog Progress
    </a>
    <div
      className="collapse show navbar-collapse"
      style={Object {}}
    >
      <ul
        className="ml-auto navbar-nav"
      >
        <li
          className="nav-item"
        >
          <a
            className="nav-link"
            href="/components/"
            onClick={[Function]}
          />
        </li>
      </ul>
    </div>
  </nav>
  <div
    className="mt-5 container"
  >
    <div
      className="row"
    >
      <div
        className="col"
      >
        <h2
          className="mb-4"
        >
          Your weekly progress:
        </h2>
        <div>
          <table
            className="table table-bordered"
          >
            <thead>
              <tr>
                <th />
                <th
                  className="table-info"
                >
                  Monday
                </th>
                <th
                  className=""
                >
                  Tuesday
                </th>
                <th
                  className=""
                >
                  Wednesday
                </th>
                <th
                  className=""
                >
                  Thursday
                </th>
                <th
                  className=""
                >
                  Saturday
                </th>
                <th
                  className=""
                >
                  Sunday
                </th>
              </tr>
            </thead>
            <tbody />
            <tfoot>
              <tr>
                <td
                  colSpan="8"
                >
                  <button
                    className="btn btn-success btn-block"
                    onClick={[Function]}
                    type="button"
                  >
                    Add another category...
                  </button>
                </td>
              </tr>
            </tfoot>
          </table>
        </div>
      </div>
    </div>
  </div>
</div>
`;
